// Jest Snapshot v1, https://goo.gl/fbAQLP

exports[`venues e2e GET /venues/:venueId happy path 1`] = `
Object {
  "categories": Array [
    "bar",
  ],
  "createdAt": Any<String>,
  "description": Object {
    "en": "Tivoli Vredenburg.",
  },
  "facebook": Object {
    "id": "TivoliVredenburgUtrecht",
  },
  "facilities": Array [],
  "id": Any<String>,
  "images": Array [],
  "instagram": Object {
    "id": "tivolivredenburg",
  },
  "location": Object {
    "address1": "Vechtplantsoen 56",
    "address2": "1",
    "city": "Utrecht",
    "coordinates": Object {
      "latitude": 52.118273,
      "longitude": 5.085487,
    },
    "country": "NL",
    "postalCode": "3554TG",
  },
  "musicTypes": Array [
    "dance",
  ],
  "name": "Tivoli",
  "twitterHandle": "TiVredenburg",
  "updatedAt": Any<String>,
  "visitorTypes": Array [
    "students",
  ],
  "website": "https://www.tivolivredenburg.nl",
}
`;
